INHIBIT robustness: Delta-phi=1, 24 phases x b=0..13 (336 gate runs)
  phi= 0 b= 0..13: ..........L.LL
  phi= 1 b= 0..13: .............L
  phi= 2 b= 0..13: ............LL
  phi= 3 b= 0..13: .............L
  phi= 4 b= 0..13: ..............
  phi= 5 b= 0..13: ............L.
  phi= 6 b= 0..13: .............L
  phi= 7 b= 0..13: .............L
  phi= 8 b= 0..13: .............L
  phi= 9 b= 0..13: ...........L.L
  phi=10 b= 0..13: ............LL
  phi=11 b= 0..13: ............L.
  phi=12 b= 0..13: .............L
  phi=13 b= 0..13: ............LL
  phi=14 b= 0..13: ...........LLL
  phi=15 b= 0..13: .........L..LL
  phi=16 b= 0..13: .............L
  phi=17 b= 0..13: ............LL
  phi=18 b= 0..13: ............LL
  phi=19 b= 0..13: .............L
  phi=20 b= 0..13: ............L.
  phi=21 b= 0..13: ............L.
  phi=22 b= 0..13: ............LL
  phi=23 b= 0..13: ............LL
>>> inhibit blocks in 299/336 (phase x b) points (89%)
>>> zero-leak window (ALL 24 phases): b=0..8 (9px wide)
saved assets/gate_robustness.png
